Error in preprocessor/invalid/broken-conds.glsl (4, 18) : [in expansion of 'BROKEN_EXP' (1, 26)] Additional characters after preprocessor directive
Warning in preprocessor/invalid/broken-conds.glsl (10, 10) : Undefined macro identifier 'ANSWER'
Error in preprocessor/invalid/broken-conds.glsl (15, 10) : Missing closing parenthesis in invocation of macro 'SUM'
Error in preprocessor/invalid/broken-conds.glsl (15, 10) : Incomplete preprocessor condition
Error in preprocessor/invalid/broken-conds.glsl (20, 8) : Integer literal expected in preprocessor condition
Error in preprocessor/invalid/broken-conds.glsl (25, 5) : Invalid token in preprocessor condition
Error in preprocessor/invalid/broken-conds.glsl (25, 5) : Additional characters after preprocessor directive
