Error in preprocessor/invalid/line.glsl(2, 15): [in expansion of 'TOO_LONG' (1, 24)] Additional characters after preprocessor directive
Error in preprocessor/invalid/line.glsl(10, 6): Unexpected end of line in preprocessor directive
Error in preprocessor/invalid/line.glsl(11, 6): Line index expected
Error in preprocessor/invalid/line.glsl(12, 8): Source file index expected
Error in preprocessor/invalid/line.glsl(12, 8): Additional characters after preprocessor directive
Error in preprocessor/invalid/line.glsl(1, 6): Line index expected
