Error in preprocessor/invalid/undef.glsl (1, 6) : Unexpected end of line in preprocessor directive
Error in preprocessor/invalid/undef.glsl (2, 6) : Macro identifier expected
Warning in preprocessor/invalid/undef.glsl (3, 6) : Unknown macro 'TEST'
Warning in preprocessor/invalid/undef.glsl (4, 6) : Unknown macro 'TEST1'
Error in preprocessor/invalid/undef.glsl (4, 12) : Additional characters after preprocessor directive
