Error in parser/invalid/bad-qualifiers.glsl (1, 4) : Variable name expected
Error in parser/invalid/bad-qualifiers.glsl (1, 4) : ';' expected
Error in parser/invalid/bad-qualifiers.glsl (2, 18) : Variable name expected
Error in parser/invalid/bad-qualifiers.glsl (2, 18) : ';' expected
Error in parser/invalid/bad-qualifiers.glsl (3, 11) : Empty subroutine qualifier
Error in parser/invalid/bad-qualifiers.glsl (4, 9) : Empty layout qualifier
