Error in lexer/invalid/unknown.glsl (1, 1) : Unknown token
Error in lexer/invalid/unknown.glsl (1, 3) : Unknown token
Error in lexer/invalid/unknown.glsl (1, 5) : Unknown token
Error in lexer/invalid/unknown.glsl (1, 7) : Unknown token
Error in lexer/invalid/unknown.glsl (1, 9) : Unknown token
Error in lexer/invalid/unknown.glsl (1, 11) : Unknown token
Error in lexer/invalid/unknown.glsl (1, 13) : Unknown token
Error in lexer/invalid/unknown.glsl (1, 15) : Unknown token
