Error in lexer/invalid/unknown.glsl (1, 2) : Unknown token
Error in lexer/invalid/unknown.glsl (1, 4) : Unknown token
Error in lexer/invalid/unknown.glsl (1, 6) : Unknown token
Error in lexer/invalid/unknown.glsl (1, 8) : Unknown token
Error in lexer/invalid/unknown.glsl (1, 10) : Unknown token
Error in lexer/invalid/unknown.glsl (1, 12) : Unknown token
Error in lexer/invalid/unknown.glsl (1, 14) : Unknown token
Error in lexer/invalid/unknown.glsl (1, 16) : Unknown token
