bvec4 a;
bvec3 b;
bvec2 c;
bool d;
ivec4 e;
ivec3 f;
ivec2 g;
int h;
vec4 i;
vec3 j;
vec2 k;
float l;
dvec4 m;
dvec3 n;
dvec2 o;
double p;
mat4 q;
mat3 r;
mat2 s;
mat4x4 q1;
mat4x3 q2;
mat4x2 q3;
mat3x4 r1;
mat3x3 r2;
mat3x2 r3;
mat2x4 s1;
mat2x3 s2;
mat2x2 s3;
dmat4 t;
dmat3 u;
dmat2 v;
dmat4x4 t1;
dmat4x3 t2;
dmat4x2 t3;
dmat3x4 u1;
dmat3x3 u2;
dmat3x2 u3;
dmat2x4 v1;
dmat2x3 v2;
dmat2x2 v3;
