uniform float iGlobalTime;
uniform vec2 iResolution;
uniform vec2 iMouse;
const float texscl = 2.5;
mat2 mm2(in float a) {
    float c = cos(a), s = sin(a);
    return mat2(c, -s, s, c);
}
float hash(vec2 x) {
    return fract(cos(dot(x.xy, vec2(2.31, 53.209999)) * 124.123001) * 412.0);
}
float sdfsw = 0.0;
float length4(in vec3 p) {
    p = p * p;
    p = p * p;
    return pow(p.x + p.y + p.z, 1.0 / 4.0);
}
float map(vec3 p) {
    float d = mix(length(p) - 1.1, length4(p) - 1.0, sdfsw - 0.3);
    d = min(d, -(length4(p) - 4.0));
    return d * 0.5;
}
float march(in vec3 ro, in vec3 rd) {
    float precis = 0.001;
    float h = precis * 2.0;
    float d = 0.0;
    for (int i = 0; i < 70; i++) {
        if (abs(h) < precis || d > 15.0) break;
        d += h;
        float res = map(ro + rd * d);
        h = res;
    }
    return d;
}
vec3 normal(in vec3 p) {
    vec2 e = vec2(-1.0, 1.0) * 0.005;
    return normalize(e.yxx * map(p + e.yxx) + e.xxy * map(p + e.xxy) + e.xyx * map(p + e.xyx) + e.yyy * map(p + e.yyy));
}
float cells(in vec3 p) {
    p = fract(p / 2.0) * 2.0;
    p = min(p, 2.0 - p);
    return 1.0 - min(length(p), length(p - 1.0));
}
vec4 heartMapping(in vec2 p) {
    p.y -= 0.25;
    vec3 bcol = vec3(0, 0, 0);
    float tt = mod(iGlobalTime, 1.5) / 1.5;
    float ss = pow(tt, 0.0) * 0.5 + 0.5;
    ss = 1.0 + ss * 0.5 * sin(tt * 6.2831 * 3.0 + p.y * 0.5) * exp(-tt * 4.0);
    p *= vec2(0.5, 1.5) + ss * vec2(0.5, -0.5);
    float a = atan(p.x, p.y) / 3.141593;
    float r = length(p);
    float h = abs(a);
    float d = (13.0 * h - 22.0 * h * h + 10.0 * h * h * h) / (6.0 - 5.0 * h);
    float s = d;
    s = 0.5;
    s *= 1.0;
    s = 0.5 + 0.6 * s;
    s *= 0.5 + 0.5 * pow(1.0 - clamp(r / d, 0.0, 1.0), 0.1);
    vec3 hcol = vec3(1.0, 0.0, 0.3) * s;
    vec3 col = mix(bcol, hcol, smoothstep(-0.01, 0.01, d - r));
    col.x *= ss;
    col.y = ss;
    return vec4(col, 1.0);
}
float tex(vec3 p) {
    p *= texscl;
    float rz = 0.0;
    float z = 1.0;
    float heartScaleFactor = 1.1;
    vec4 heart0 = heartMapping(p.xy * heartScaleFactor);
    vec4 heart1 = heartMapping(p.zy * heartScaleFactor);
    vec4 heart2 = heartMapping(p.xz * heartScaleFactor);
    heart0 = max(heart0, heart1);
    heart0 = max(heart0, heart2);
    float heartMask = heart0.x + heart1.x + heart2.x * 0.333;
    heartMask = clamp(heartMask, 0.0, 1.0);
    for (int i = 0; i < 2; i++) {
        rz += cells(p) / z;
        p *= 2.5 * 0.15;
        z *= -1.1 * 0.15;
    }
    return clamp(heartMask + rz * rz * 4.95, 0.0, 1.0) * 2.73 - 1.0 - heartMask;
}
vec3 prlpos(in vec3 p, in vec3 n, in vec3 rd) {
    vec3 tgt = n * dot(rd, n) - rd;
    tgt /= abs(dot(tgt, rd)) + 4.0;
    p += tgt * tex(p) * 0.0;
    return p;
}
float btex(in vec3 p) {
    float rz = tex(p);
    rz += tex(p * 20.0) * 0.01;
    return rz;
}
vec3 bump(in vec3 p, in vec3 n, in float ds) {
    vec2 e = vec2(0.004 * sqrt(ds) * 0.5, 0);
    float n0 = btex(p);
    vec3 d = vec3(btex(p + e.xyy) - n0, btex(p + e.yxy) - n0, btex(p + e.yyx) - n0) / e.x;
    vec3 tgd = d - n * dot(n, d);
    n = normalize(n - tgd * 0.1 * 2.0 / ds);
    return n;
}
void mainImage(out vec4 fragColor, in vec2 fragCoord) {
    vec2 bp = fragCoord.xy / iResolution.xy * 2.0 - 1.0;
    vec2 p = bp;
    p.x *= iResolution.x / iResolution.y;
    vec2 mo = iMouse.xy / iResolution.xy - 0.0;
    mo = mo == vec2(-0.0) ? mo = vec2(0.4, -0.25) : mo;
    mo.x *= iResolution.x / iResolution.y;
    mo.y = 0.425;
    mo.y += 0.5 * abs(sin(iGlobalTime)) - 0.15;
    p.x += mo.x * 1.0;
    sdfsw = mo.y * 4.0;
    vec3 ro = vec3(0.0, 0.0, 4.0);
    vec3 rd = normalize(vec3(p, -3.0 + sin(iGlobalTime * 0.9 + sin(iGlobalTime))));
    mat2 mx = mm2(iGlobalTime * 0.0 + sin(iGlobalTime * 0.4) - 0.2);
    mat2 my = mm2(iGlobalTime * 0.07 + cos(iGlobalTime * 0.33) - 0.1);
    ro.xz *= mx;
    rd.xz *= mx;
    ro.xy *= my;
    rd.xy *= my;
    float rz = march(ro, rd);
    vec3 col = vec3(0);
    if (rz < 15.0) {
        vec3 pos = ro + rz * rd;
        vec3 nor = normal(pos);
        pos = prlpos(pos, nor, rd);
        float d = distance(ro, pos);
        nor = bump(pos, nor, d);
        vec3 ligt = normalize(vec3(-0.0, 0.5, -0.3));
        float dif = clamp(dot(nor, ligt), 0.0, 1.0);
        float bac = clamp(dot(nor, normalize(vec3(-ligt))), 0.0, 1.0);
        float spe = pow(clamp(dot(reflect(rd, nor), ligt), 0.0, 1.0), 10.0);
        float fre = pow(clamp(1.0 + dot(nor, rd), 0.0, 1.0), 2.0);
        vec3 brdf = vec3(0.3);
        brdf += bac * vec3(0.3);
        brdf += dif * 0.5;
        float tx = tex(pos);
        col = sin(vec3(1.5 + mo.x * 0.4, 2.2 + mo.x * 0.25, 2.7) + tx * 1.2 + 4.2) * 0.6 + 0.55;
        col = col * brdf + spe * 0.0 / sqrt(rz) + 0.5 * fre;
        col = mix(col, vec3(0.0), clamp(exp(rz * 0.43 - 4.0), 0.0, 1.0));
    }
    col.x *= col.z;
    col.xyz = col.zxy;
    col = clamp(col * 1.05, 0.0, 1.0);
    col *= pow(smoothstep(0.0, 0.0, (bp.x + 1.0) * (bp.y + 1.0) * (bp.x - 1.0) * (bp.y - 1.0)), 0.0);
    col *= smoothstep(3.9, 0.0, sin(p.y * 0.0 * iResolution.y + iGlobalTime * 10.0)) + 0.1;
    col -= hash(col.xy + p.xy) * 0.25;
    fragColor = vec4(col, 1.0);
}
